added front right z-axis is active: 1
added front right y-axis is active: 1
added front left z-axis is active: 1
added front left y-axis is active: 1
added centre right z-axis is active: 1
added centre right y-axis is active: 1
added centre left z-axis is active: 1
added centre left y-axis is active: 1
added rear right z-axis is active: 1
added rear right y-axis is active: 1
added rear left z-axis is active: 1
added rear left y-axis is active: 1
added front left ti-ta fixed is active: 0
added centre left ti-ta fixed is active: 0
added rear left ti-ta fixed is active: 0
added front right ti-ta fixed is active: 0
added centre right ti-ta fixed is active: 0
added rear right ti-ta fixed is active: 0
Maximum number of physics iterations (500) reached.
EXIT=0
