1783346341 6ab0285 Darwin-arm64 28287
1783350656 6488baf Darwin-arm64 30310
1783351062 5520f42 Darwin-arm64 31384
1783351191 e89afe1 Darwin-arm64 28069
1783351244 c704b47 Darwin-arm64 31450
1783351258 ab884d9 Darwin-arm64 31079
1783351915 205e244 Darwin-arm64 31512
1783352230 57f180f Darwin-arm64 28771
1783352563 0d71db4 Darwin-arm64 30613
1783356193 832bc9d Darwin-arm64 28910
1783357555 42e008f Darwin-arm64 28909
1783357566 b274803 Darwin-arm64 24717
1783357584 9814cb9 Darwin-arm64 23268
1783357643 c59c81f Darwin-arm64 27828
1783357656 48480a3 Darwin-arm64 30258
1783358741 20de8d7 Darwin-arm64 31502
1783360782 6cb4101 Darwin-arm64 30677
1783360787 8702832 Darwin-arm64 30095
1783362421 0d0b06c Darwin-arm64 20511
1783364772 38ec353 Darwin-arm64 30398
