1783346653 6ab0285 Linux-x86_64 20501
1783350695 6488baf Linux-x86_64 20347
1783351103 5520f42 Linux-x86_64 20347
1783351488 e89afe1 Linux-x86_64 20445
1783351493 ab884d9 Linux-x86_64 20387
1783351574 c704b47 Linux-x86_64 22102
1783352018 205e244 Linux-x86_64 18939
1783352244 57f180f Linux-x86_64 20324
1783352605 0d71db4 Linux-x86_64 18791
1783356263 832bc9d Linux-x86_64 20441
1783357571 9814cb9 Linux-x86_64 20439
1783357585 b274803 Linux-x86_64 18946
1783357602 42e008f Linux-x86_64 20377
1783357679 48480a3 Linux-x86_64 20401
1783357691 c59c81f Linux-x86_64 20242
1783358819 20de8d7 Linux-x86_64 20190
1783360856 6cb4101 Linux-x86_64 20454
1783360858 8702832 Linux-x86_64 20381
1783362516 0d0b06c Linux-x86_64 18860
1783365162 74b2154 Linux-x86_64 20182
1783365164 38ec353 Linux-x86_64 19915
1783366273 e0da028 Linux-x86_64 20215
1783415528 2397df7 Linux-x86_64 20912
1783415594 acec8b3 Linux-x86_64 22095
1783415998 5f36dda Linux-x86_64 22457
1783416003 c794799 Linux-x86_64 22232
1783416203 b41814b Linux-x86_64 20830
1783416609 9871b90 Linux-x86_64 22344
1783416988 26e9d52 Linux-x86_64 22394
1783417005 d29f2fc Linux-x86_64 22281
1783423249 14b1ef6 Linux-x86_64 24282
1783423264 07fa77d Linux-x86_64 22128
1783423681 c9cc19b Linux-x86_64 22306
1783425905 ba681fb Linux-x86_64 26601
1783426347 7b2d5ed Linux-x86_64 22259
